<html>
<body>
<pre>
<h1>µVision Build Log</h1>
<h2>Tool Versions:</h2>
IDE-Version: ¶ÃVision V5.34.0.0
Copyright (C) 2021 ARM Ltd and ARM Germany GmbH. All rights reserved.
License Information: xxy –§œ»…˙, xxy111, LIC=585FJ-UVNGU-TGS7T-RXU7P-GB9KI-RXE5S
 
Tool Versions:
Toolchain:       MDK-ARM Plus  Version: 5.34.0.0
Toolchain Path:  D:\keil5\ARM\ARMCC\Bin
C Compiler:      Armcc.exe V5.06 update 5 (build 528)
Assembler:       Armasm.exe V5.06 update 5 (build 528)
Linker/Locator:  ArmLink.exe V5.06 update 5 (build 528)
Library Manager: ArmAr.exe V5.06 update 5 (build 528)
Hex Converter:   FromElf.exe V5.06 update 5 (build 528)
CPU DLL:         SARMCM3.DLL V5.34.0.0
Dialog DLL:      DCM.DLL V1.17.3.0
Target DLL:      STLink\ST-LINKIII-KEIL_SWO.dll V3.0.8.0
Dialog DLL:      TCM.DLL V1.48.0.0
 
<h2>Project:</h2>
d:\stm32IDE\zhi_neng_jia_ju\demo00\MDK-ARM\demo00.uvprojx
Project File Date:  09/22/2024

<h2>Output:</h2>
*** Using Compiler 'V5.06 update 5 (build 528)', folder: 'D:\keil5\ARM\ARMCC\Bin'
Rebuild target 'demo00'
assembling startup_stm32f103xb.s...
compiling stm32f1xx_hal_gpio_ex.c...
compiling stm32f1xx_hal.c...
compiling gpio.c...
compiling stm32f1xx_it.c...
compiling usart.c...
compiling stm32f1xx_hal_rcc.c...
compiling i2c.c...
compiling stm32f1xx_hal_msp.c...
compiling tim.c...
compiling stm32f1xx_hal_gpio.c...
compiling main.c...
../BH1750_PACKAGE/BH1750.h(19): warning:  #1295-D: Deprecated declaration BH1750_Start - give arg types
  void BH1750_Start();
../BH1750_PACKAGE/BH1750.h(20): warning:  #1295-D: Deprecated declaration BH1750_Stop - give arg types
  void BH1750_Stop();
../BH1750_PACKAGE/BH1750.h(21): warning:  #1295-D: Deprecated declaration Init_BH1750 - give arg types
  void Init_BH1750();
../BH1750_PACKAGE/BH1750.h(27): warning:  #1295-D: Deprecated declaration BH1750_RecvACK - give arg types
  int BH1750_RecvACK();
../BH1750_PACKAGE/BH1750.h(29): warning:  #1295-D: Deprecated declaration BH1750_RecvByte - give arg types
  uint8_t BH1750_RecvByte();
../Core/Src/main.c: 5 warnings, 0 errors
compiling stm32f1xx_hal_rcc_ex.c...
compiling stm32f1xx_hal_i2c.c...
compiling stm32f1xx_hal_cortex.c...
compiling stm32f1xx_hal_flash_ex.c...
compiling stm32f1xx_hal_dma.c...
compiling stm32f1xx_hal_flash.c...
compiling system_stm32f1xx.c...
compiling stm32f1xx_hal_pwr.c...
compiling BH1750.c...
..\BH1750_PACKAGE\BH1750.h(19): warning:  #1295-D: Deprecated declaration BH1750_Start - give arg types
  void BH1750_Start();
..\BH1750_PACKAGE\BH1750.h(20): warning:  #1295-D: Deprecated declaration BH1750_Stop - give arg types
  void BH1750_Stop();
..\BH1750_PACKAGE\BH1750.h(21): warning:  #1295-D: Deprecated declaration Init_BH1750 - give arg types
  void Init_BH1750();
..\BH1750_PACKAGE\BH1750.h(27): warning:  #1295-D: Deprecated declaration BH1750_RecvACK - give arg types
  int BH1750_RecvACK();
..\BH1750_PACKAGE\BH1750.h(29): warning:  #1295-D: Deprecated declaration BH1750_RecvByte - give arg types
  uint8_t BH1750_RecvByte();
..\BH1750_PACKAGE\BH1750.c(58): warning:  #940-D: missing return statement at end of non-void function "mread" 
  }
..\BH1750_PACKAGE\BH1750.c: 6 warnings, 0 errors
compiling OLED.c...
compiling stm32f1xx_hal_exti.c...
compiling stm32f1xx_hal_tim_ex.c...
compiling stm32f1xx_hal_uart.c...
compiling stm32f1xx_hal_tim.c...
linking...
Program Size: Code=8322 RO-data=4102 RW-data=20 ZI-data=1860  
FromELF: creating hex file...
"demo00\demo00.axf" - 0 Error(s), 11 Warning(s).

<h2>Software Packages used:</h2>

Package Vendor: ARM
                http://www.keil.com/pack/ARM.CMSIS.5.7.0.pack
                ARM.CMSIS.5.7.0
                CMSIS (Cortex Microcontroller Software Interface Standard)
   * Component: CORE Version: 5.4.0

Package Vendor: Keil
                http://www.keil.com/pack/Keil.STM32F1xx_DFP.2.2.0.pack
                Keil.STM32F1xx_DFP.2.2.0
                STMicroelectronics STM32F1 Series Device Support, Drivers and Examples

<h2>Collection of Component include folders:</h2>
  .\RTE\_demo00
  D:\keil5\ARM\CMSIS\5.7.0\CMSIS\Core\Include
  D:\keil5\Keil\STM32F1xx_DFP\2.2.0\Device\Include

<h2>Collection of Component Files used:</h2>

   * Component: ARM::CMSIS:CORE:5.4.0
Build Time Elapsed:  00:00:04
</pre>
</body>
</html>
